// Jest Snapshot v1, https://goo.gl/fbAQLP

exports[`Performance: first-meaningful-paint audit computes FMP correctly for simulated 1`] = `
Object {
  "displayValue": Array [
    "%10dÂ ms",
    2186.1969000377458,
  ],
  "rawValue": 2186.1969000377458,
  "score": 0.92,
}
`;
