// Jest Snapshot v1, https://goo.gl/fbAQLP

exports[`Metrics: FCP should compute a simulated value 1`] = `
Object {
  "optimistic": 761,
  "pessimistic": 761,
  "timing": 1293,
}
`;
