// Jest Snapshot v1, https://goo.gl/fbAQLP

exports[`FirstInteractive computed artifact: should simulate when settings specify 1`] = `
Object {
  "optimistic": 2901,
  "pessimistic": 3202,
  "timing": 4782,
}
`;
