// Jest Snapshot v1, https://goo.gl/fbAQLP

exports[`Metrics: Lantern FMP should compute predicted value 1`] = `
Object {
  "optimistic": 1061,
  "pessimistic": 1348,
  "timing": 2186,
}
`;
