// Jest Snapshot v1, https://goo.gl/fbAQLP

exports[`Metrics: Lantern TTI should compute predicted value 1`] = `
Object {
  "optimistic": 2901,
  "pessimistic": 3202,
  "timing": 4782,
}
`;
